[valtracker.gg/index.html]
[backblue.gif]
[fade.gif]
[index.html]
[valtracker.gg/img/VALTracker_Logo_default.png]
[valtracker.gg/cdn-cgi/apps/head/MtOGtBSsh_JNWxQJIcp8XbreZ5Q.js]
[valtracker.gg/_next/static/css/bca4b18e1d51d525.css]
[valtracker.gg/_next/static/chunks/polyfills-c67a75d1b6f99dc8.js]
[valtracker.gg/_next/static/chunks/webpack-5752944655d749a0.js]
[valtracker.gg/_next/static/chunks/framework-4556c45dd113b893.js]
[valtracker.gg/_next/static/chunks/main-e31efb609b2533d4.js]
[valtracker.gg/_next/static/chunks/pages/_app-73be23646b800f14.js]
[valtracker.gg/_next/static/chunks/962-5e8a9fa48caba57e.js]
[valtracker.gg/_next/static/chunks/885-3163f185e17ecea2.js]
[valtracker.gg/_next/static/chunks/923-6650eb5cea7e644a.js]
[valtracker.gg/_next/static/chunks/pages/index-185cead6e63e8643.js]
[valtracker.gg/_next/static/jzi87R98q7RBKg02wBsXl/_buildManifest.js]
[valtracker.gg/_next/static/jzi87R98q7RBKg02wBsXl/_ssgManifest.js]
[valtracker.gg/features.html]
[valtracker.gg/docs.html]
[valtracker.gg/blog.html]
[valtracker.gg/img/valtracker.webp]
[valtracker.gg/img/gradient-bg-img.webp]
[valtracker.gg/img/Jett.png]
[valtracker.gg/img/Ascent.png]
[valtracker.gg/img/reaver-bundle.png]
[valtracker.gg/img/rgx-content-tier.webp]
[valtracker.gg/img/valorant-rgx-vandal.webp]
[valtracker.gg/img/vp_icon.webp]
[valtracker.gg/img/valtracker-inventory-blue.webp]
[valtracker.gg/img/valtracker-inventory-champs.webp]
[valtracker.gg/privacy.html]
[valtracker.gg/docs/about.html]
[valtracker.gg/cdn-cgi/l/email-protection.html]
[valtracker.gg/cdn-cgi/scripts/5c5dd728/cloudflare-static/email-decode.min.js]
[valtracker.gg/index.html]
[valtracker.gg/cdn-cgi/scripts/7d0fa10a/cloudflare-static/rocket-loader.min.js]
[valtracker.gg/_next/static/media/FiraCode-Regular.3f422d26.woff2]
[valtracker.gg/_next/static/media/Mona-Sans.37e1d48f.woff2]
[storage.ko-fi.com/cdn/cup-border.png]
[valtracker.gg/_next/static/css/bca4b18e1d51d525.css]
[valtracker.gg/_next/static/chunks/pages/features-4c2892723b353676.js]
[valtracker.gg/img/valtracker-hub.webp]
[valtracker.gg/img/valtracker-matchview.webp]
[valtracker.gg/img/valtracker-shop.webp]
[valtracker.gg/img/valtracker-favs.webp]
[valtracker.gg/img/valtracker-wishlist.webp]
[valtracker.gg/img/valtracker-search.webp]
[media.valorant-api.com/competitivetiers/03621f52-342b-cf4e-4f86-9350a49c6d04/27/largeicon.png]
[media.valorant-api.com/competitivetiers/03621f52-342b-cf4e-4f86-9350a49c6d04/26/largeicon.png]
[media.valorant-api.com/competitivetiers/03621f52-342b-cf4e-4f86-9350a49c6d04/23/largeicon.png]
[media.valorant-api.com/competitivetiers/03621f52-342b-cf4e-4f86-9350a49c6d04/19/largeicon.png]
[valtracker.gg/features.html]
[valtracker.gg/_next/static/chunks/133-3216ff18749e3d9b.js]
[valtracker.gg/_next/static/chunks/pages/docs-520e9fdbabb21be4.js]
[valtracker.gg/docs/riot.html]
[valtracker.gg/docs/bundles.html]
[valtracker.gg/docs/versions.html]
[valtracker.gg/docs/changelogs.html]
[valtracker.gg/docs/messages.html]
[valtracker.gg/docs/status.html]
[valtracker.gg/docs/website.html]
[valtracker.gg/docs.html]
[valtracker.gg/_next/static/chunks/pages/blog-41a38b1a1d61b7c8.js]
[valtracker.gg/blog9472.html]
[valtracker.gg/blog/valtracker-api-major-release-v1.html]
[valtracker.gg/blogfe41.html]
[valtracker.gg/blog/welcome-to-the-valtracker-blog.html]
[valtracker.gg/blog.html]
[valtracker.gg/_next/static/chunks/pages/privacy-8128ed8f503d3ca8.js]
[valtracker.gg/privacy.html]
[valtracker.gg/_next/static/chunks/pages/docs/about-192192971dcada29.js]
[valtracker.gg/docs/about.html]
[valtracker.gg/cdn-cgi/l/email-protection.html]
[valtracker.gg/_next/static/chunks/536-065cc30558efb840.js]
[valtracker.gg/_next/static/chunks/220-f3c7b7f18386e80b.js]
[valtracker.gg/_next/static/chunks/778-4c1de3f7033ec45c.js]
[valtracker.gg/_next/static/chunks/pages/docs/riot-ae528a519c59dc36.js]
[valtracker.gg/docs/riot.html]
[valtracker.gg/_next/static/chunks/pages/docs/bundles-b8d795aaf916799c.js]
[valtracker.gg/docs/bundles.html]
[valtracker.gg/_next/static/chunks/pages/docs/versions-d40c4f3d41510269.js]
[valtracker.gg/docs/versions.html]
[valtracker.gg/_next/static/chunks/pages/docs/changelogs-99820b4f53e793d1.js]
[valtracker.gg/docs/changelogs.html]
[valtracker.gg/_next/static/chunks/pages/docs/messages-07e0381de55b1a64.js]
[valtracker.gg/docs/messages.html]
[valtracker.gg/_next/static/chunks/pages/docs/status-5112bad400da9b43.js]
[valtracker.gg/docs/status.html]
[valtracker.gg/_next/static/chunks/pages/docs/website-d5dc10c647c89496.js]
[valtracker.gg/docs/website.html]
[valtracker.gg/blog9472.html]
[valtracker.gg/_next/static/chunks/787-0768c8513ed55c03.js]
[valtracker.gg/_next/static/chunks/pages/blog/[id]-98f238c51179dc18.js]
[valtracker.gg/blog/valtracker-api-major-release-v1.html]
[valtracker.gg/blogfe41.html]
[valtracker.gg/blog/welcome-to-the-valtracker-blog.html]
